> Task :compileJava UP-TO-DATE
> Task :processResources UP-TO-DATE
> Task :classes UP-TO-DATE
> Task :compileTestJava UP-TO-DATE
> Task :processTestResources NO-SOURCE
> Task :testClasses UP-TO-DATE

> Task :test FAILED

TeumTeumEatApplicationTests > contextLoads() FAILED
    java.lang.IllegalStateException at DefaultCacheAwareContextLoaderDelegate.java:180
        Caused by: org.springframework.beans.factory.BeanDefinitionStoreException at ConfigurationClassParser.java:194
            Caused by: org.springframework.context.annotation.ConflictingBeanDefinitionException at ClassPathBeanDefinitionScanner.java:361

1 test completed, 1 failed

FAILURE: Build failed with an exception.

* What went wrong:
Execution failed for task ':test'.
> There were failing tests. See the report at: file:///Users/kimjim1n/Desktop/study/2025/swyp-app/build/reports/tests/test/index.html

* Try:
> Run with --scan to get full insights.

BUILD FAILED in 2s
4 actionable tasks: 1 executed, 3 up-to-date
